// Jest Snapshot v1, https://goo.gl/fbAQLP

exports[`Modal renders markup based on given configuration 1`] = `
<body
  class="modal-open"
>
  <div />
  <div
    class="cadmin"
  >
    <div
      aria-hidden="true"
      class="modal-backdrop fade show"
    />
    <div
      class="fade modal d-block liferay-modal show"
      id="abcd"
      role="dialog"
    >
      <div
        aria-labelledby="clay-modal-label-1"
        class="modal-dialog modal-lg"
        role="dialog"
        tabindex="-1"
      >
        <div
          class="modal-content"
        >
          <div
            class="modal-header"
          >
            <div
              class="modal-title"
              id="clay-modal-label-1"
            >
              My Modal
            </div>
            <button
              aria-label="close"
              class="close btn btn-unstyled"
              type="button"
            >
              <svg
                class="lexicon-icon lexicon-icon-times"
                role="presentation"
              >
                <use
                  xlink:href="#times"
                />
              </svg>
            </button>
          </div>
          <div
            class="modal-body modal-body-iframe"
          >
            <span
              aria-hidden="true"
              class="loading-animation"
            />
            <iframe
              id="efgh"
              src="https://www.sample.url/?p_p_id=com_liferay_MyPortlet&_com_liferay_MyPortlet_bodyCssClass=cadmin+dialog-iframe-popup"
              title="My Modal"
            />
          </div>
        </div>
      </div>
    </div>
  </div>
</body>
`;
