// Jest Snapshot v1, https://goo.gl/fbAQLP

exports[`PieChart renders 1`] = `
<DocumentFragment>
  <div
    class="custom-chart-size pie-chart"
  >
    <div
      class="recharts-responsive-container"
      style="width: 700px; height: 300px;"
    >
      <div
        class="recharts-wrapper"
        style="position: relative; cursor: default; width: 700px; height: 300px;"
      >
        <svg
          class="recharts-surface"
          height="300"
          version="1.1"
          viewBox="0 0 700 300"
          width="700"
        >
          <defs>
            <clippath
              id="recharts1-clip"
            >
              <rect
                height="290"
                width="690"
                x="5"
                y="5"
              />
            </clippath>
          </defs>
          <g
            class="recharts-layer recharts-pie"
          >
            <g
              class="recharts-layer"
            >
              <g
                class="recharts-layer recharts-pie-sector"
              />
              <g
                class="recharts-layer recharts-pie-sector"
              />
            </g>
          </g>
        </svg>
        <div
          class="recharts-tooltip-wrapper"
          style="transform: translate(undefinedpx, undefinedpx); pointer-events: none; visibility: hidden; position: absolute; top: 0px;"
        />
      </div>
      <div
        style="position: absolute; width: 0px; height: 0px; visibility: hidden; display: none;"
      />
    </div>
    <div
      class="legend-container well well-lg"
    >
      <div
        class="legend-list"
      >
        <ul>
          <li
            class=""
            data-item="0"
          >
            <svg
              height="20"
              width="20"
            >
              <circle
                cx="10"
                cy="10"
                fill="#4B9FFF"
                r="9"
                stroke-width="3"
              />
            </svg>
            <p
              x="0em"
              y="1em"
            >
              <span
                dy="2em"
                x="2.5em"
              >
                label1
              </span>
            </p>
          </li>
          <li
            class=""
            data-item="1"
          >
            <svg
              height="20"
              width="20"
            >
              <circle
                cx="10"
                cy="10"
                fill="#FFB46E"
                r="9"
                stroke-width="3"
              />
            </svg>
            <p
              x="0em"
              y="1em"
            >
              <span
                dy="2em"
                x="2.5em"
              >
                label2
              </span>
            </p>
          </li>
        </ul>
      </div>
    </div>
  </div>
</DocumentFragment>
`;
