{
	"pageElement": {
		"pageElements": [
			{
				"definition": {
					"fragmentLink": {
						"href": {
							"mapping": {
								"itemReference": {
									"className": "com.liferay.portal.kernel.model.Layout",
									"fields": [
										{
											"fieldName": "friendlyURL",
											"fieldValue": "£{FRIENDLY_URL}"
										},
										{
											"fieldName": "privatePage",
											"fieldValue": "false"
										},
										{
											"fieldName": "siteKey",
											"fieldValue": "£{SITE_KEY}"
										}
									]
								}
							}
						}
					},
					"fragmentStyle": {
						"borderWidth": "0",
						"opacity": "100",
						"textAlign": ""
					},
					"indexed": true,
					"layout": {
						"borderWidth": 0,
						"marginBottom": 0,
						"marginLeft": 0,
						"marginRight": 0,
						"marginTop": 0,
						"opacity": 100,
						"paddingBottom": 0,
						"paddingLeft": 0,
						"paddingRight": 0,
						"paddingTop": 0,
						"widthType": "Fluid"
					}
				},
				"type": "Section"
			}
		],
		"type": "Root"
	},
	"settings": {
		"colorSchemeName": "01",
		"themeName": "Classic"
	},
	"version": 1.1
}