{
	"pageElement": {
		"pageElements": [
			{
				"definition": {
					"fragmentStyle": {
						"backgroundColor": "",
						"borderRadius": "rounded-0",
						"borderWidth": "0",
						"fontFamily": "sans-serif",
						"fontSize": "medium",
						"fontWeight": "font-weight-normal",
						"height": "h-auto",
						"maxHeight": "none",
						"maxWidth": "none",
						"minHeight": "auto",
						"minWidth": "auto",
						"opacity": "100",
						"overflow": "visible",
						"shadow": "shadow-none",
						"textAlign": "none",
						"width": "w-auto"
					},
					"gutters": true,
					"indexed": true,
					"modulesPerRow": 1,
					"numberOfColumns": 1,
					"reverseOrder": false,
					"rowViewports": [
						{
							"id": "landscapeMobile",
							"rowViewportDefinition": {
							}
						},
						{
							"id": "portraitMobile",
							"rowViewportDefinition": {
							}
						},
						{
							"id": "tablet",
							"rowViewportDefinition": {
							}
						}
					],
					"verticalAlignment": "top"
				},
				"pageElements": [
					{
						"definition": {
							"columnViewports": [
								{
									"columnViewportDefinition": {
									},
									"id": "landscapeMobile"
								},
								{
									"columnViewportDefinition": {
									},
									"id": "portraitMobile"
								},
								{
									"columnViewportDefinition": {
									},
									"id": "tablet"
								}
							],
							"size": 12
						},
						"pageElements": [
							{
								"definition": {
									"fragmentStyle": {
										"backgroundColor": "",
										"borderRadius": "rounded-0",
										"borderWidth": "0",
										"fontFamily": "sans-serif",
										"fontSize": "medium",
										"fontWeight": "font-weight-normal",
										"height": "h-auto",
										"maxHeight": "none",
										"maxWidth": "none",
										"minHeight": "auto",
										"minWidth": "auto",
										"opacity": "100",
										"overflow": "visible",
										"shadow": "shadow-none",
										"textAlign": "none",
										"width": "w-auto"
									},
									"indexed": true,
									"layout": {
										"borderWidth": 0,
										"marginBottom": 0,
										"marginLeft": 0,
										"marginRight": 0,
										"marginTop": 0,
										"opacity": 100,
										"paddingBottom": 0,
										"paddingLeft": 0,
										"paddingRight": 0,
										"paddingTop": 0,
										"shadow": "None",
										"widthType": "Fluid"
									}
								},
								"pageElements": [
									{
										"definition": {
											"fragment": {
												"key": "BASIC_COMPONENT-paragraph"
											},
											"fragmentConfig": {
											},
											"fragmentFields": [
												{
													"id": "element-text",
													"value": {
														"fragmentLink": {
														},
														"text": {
															"value_i18n": {
																"en_US": "My paragraph"
															}
														}
													}
												}
											],
											"fragmentStyle": {
												"backgroundColor": "",
												"borderRadius": "rounded-0",
												"borderWidth": "0",
												"fontFamily": "sans-serif",
												"fontSize": "medium",
												"fontWeight": "font-weight-normal",
												"height": "h-auto",
												"maxHeight": "none",
												"maxWidth": "none",
												"minHeight": "auto",
												"minWidth": "auto",
												"opacity": "100",
												"overflow": "visible",
												"shadow": "shadow-none",
												"textAlign": "none",
												"width": "w-auto"
											},
											"indexed": true
										},
										"type": "Fragment"
									}
								],
								"type": "Section"
							}
						],
						"type": "Column"
					}
				],
				"type": "Row"
			}
		],
		"type": "Root"
	},
	"settings": {
		"colorSchemeName": "01",
		"themeName": "Classic"
	},
	"version": 1.1
}