{
	"pageElement": {
		"pageElements": [
			{
				"definition": {
					"fragment": {
						"key": "test-text-fragment"
					},
					"fragmentConfig": {
					},
					"fragmentFields": [
						{
							"id": "element-text",
							"value": {
								"fragmentLink": {
								},
								"text": {
									"mapping": {
										"fieldKey": "ddmTemplate_BASIC_WEB_CONTENT",
										"itemReference": {
											"className": "com.liferay.journal.model.JournalArticle",
											"classPK": "${CLASS_PK}"
										}
									}
								}
							}
						}
					],
					"fragmentStyle": {
						"borderRadius": "rounded-0",
						"borderWidth": "0",
						"fontFamily": "sans-serif",
						"fontSize": "medium",
						"fontWeight": "font-weight-normal",
						"height": "h-auto",
						"maxHeight": "none",
						"maxWidth": "none",
						"minHeight": "auto",
						"minWidth": "auto",
						"opacity": "100",
						"overflow": "visible",
						"shadow": "shadow-none",
						"textAlign": "none",
						"width": "w-auto"
					},
					"indexed": true
				},
				"type": "Fragment"
			}
		],
		"type": "Root"
	},
	"settings": {
		"colorSchemeName": "01",
		"themeName": "Classic"
	},
	"version": 1.1
}