{
	"pageElement": {
		"pageElements": [
			{
				"definition": {
					"fragment": {
						"key": "test-image-fragment"
					},
					"fragmentConfig": {
					},
					"fragmentFields": [
						{
							"id": "image-id",
							"value": {
								"fragmentImage": {
									"url": {
										"mapping": {
											"fieldKey": "authorProfileImage",
											"itemReference": {
												"className": "com.liferay.journal.model.JournalArticle",
												"classPK": "${CLASS_PK}"
											}
										}
									}
								},
								"fragmentLink": {
									"value": {
										"href": {
											"mapping": {
												"itemReference": {
													"className": "com.liferay.portal.kernel.model.Layout",
													"fields": [
														{
															"fieldName": "friendlyURL",
															"fieldValue": "£{FRIENDLY_URL}"
														},
														{
															"fieldName": "privatePage",
															"fieldValue": "false"
														},
														{
															"fieldName": "siteKey",
															"fieldValue": "£{SITE_KEY}"
														}
													]
												}
											}
										},
										"target": "Blank"
									}
								}
							}
						}
					],
					"indexed": true
				},
				"type": "Fragment"
			}
		],
		"type": "Root"
	},
	"settings": {
		"colorSchemeName": "01",
		"themeName": "Classic"
	},
	"version": 1.1
}