{
	"pageElement": {
		"pageElements": [
			{
				"definition": {
					"collectionConfig": {
						"collectionReference": {
							"className": "com.liferay.asset.list.model.AssetListEntry",
							"classPK": "${CLASS_PK}"
						},
						"collectionType": "Collection"
					},
					"collectionViewports": [
						{
							"collectionViewportDefinition": {
							},
							"id": "landscapeMobile"
						},
						{
							"collectionViewportDefinition": {
							},
							"id": "portraitMobile"
						},
						{
							"collectionViewportDefinition": {
							},
							"id": "tablet"
						}
					],
					"displayAllItems": false,
					"displayAllPages": false,
					"listItemStyle": "",
					"listStyle": "",
					"numberOfColumns": 1,
					"numberOfItems": 100,
					"numberOfItemsPerPage": 10,
					"numberOfPages": 10,
					"paginationType": "Numeric",
					"showAllItems": false,
					"templateKey": ""
				},
				"pageElements": [
					{
						"definition": {
							"collectionItemConfig": {
							}
						},
						"type": "CollectionItem"
					}
				],
				"type": "Collection"
			},
			{
				"definition": {
					"collectionConfig": {
						"collectionReference": {
							"className": "com.liferay.asset.list.model.AssetListEntry",
							"classPK": "${CLASS_PK}"
						},
						"collectionType": "Collection"
					},
					"collectionViewports": [
						{
							"collectionViewportDefinition": {
							},
							"id": "landscapeMobile"
						},
						{
							"collectionViewportDefinition": {
							},
							"id": "portraitMobile"
						},
						{
							"collectionViewportDefinition": {
							},
							"id": "tablet"
						}
					],
					"displayAllItems": false,
					"displayAllPages": false,
					"listItemStyle": "",
					"listStyle": "",
					"numberOfColumns": 1,
					"numberOfItems": 100,
					"numberOfItemsPerPage": 10,
					"numberOfPages": 10,
					"paginationType": "Simple",
					"showAllItems": false,
					"templateKey": ""
				},
				"pageElements": [
					{
						"definition": {
							"collectionItemConfig": {
							}
						},
						"type": "CollectionItem"
					}
				],
				"type": "Collection"
			},
			{
				"definition": {
					"collectionConfig": {
						"collectionReference": {
							"className": "com.liferay.asset.list.model.AssetListEntry",
							"classPK": "${CLASS_PK}"
						},
						"collectionType": "Collection"
					},
					"collectionViewports": [
						{
							"collectionViewportDefinition": {
							},
							"id": "landscapeMobile"
						},
						{
							"collectionViewportDefinition": {
							},
							"id": "portraitMobile"
						},
						{
							"collectionViewportDefinition": {
							},
							"id": "tablet"
						}
					],
					"displayAllItems": false,
					"displayAllPages": false,
					"listItemStyle": "",
					"listStyle": "",
					"numberOfColumns": 1,
					"numberOfItems": 100,
					"numberOfItemsPerPage": 5,
					"numberOfPages": 20,
					"paginationType": "None",
					"showAllItems": false,
					"templateKey": ""
				},
				"pageElements": [
					{
						"definition": {
							"collectionItemConfig": {
							}
						},
						"type": "CollectionItem"
					}
				],
				"type": "Collection"
			},
			{
				"definition": {
					"collectionConfig": {
						"collectionReference": {
							"className": "com.liferay.asset.list.model.AssetListEntry",
							"classPK": "${CLASS_PK}"
						},
						"collectionType": "Collection"
					},
					"collectionViewports": [
						{
							"collectionViewportDefinition": {
							},
							"id": "landscapeMobile"
						},
						{
							"collectionViewportDefinition": {
							},
							"id": "portraitMobile"
						},
						{
							"collectionViewportDefinition": {
							},
							"id": "tablet"
						}
					],
					"displayAllItems": false,
					"displayAllPages": true,
					"listItemStyle": "",
					"listStyle": "",
					"numberOfColumns": 1,
					"numberOfItems": 5,
					"numberOfItemsPerPage": 22,
					"numberOfPages": 1,
					"paginationType": "Numeric",
					"showAllItems": true,
					"templateKey": ""
				},
				"pageElements": [
					{
						"definition": {
							"collectionItemConfig": {
							}
						},
						"type": "CollectionItem"
					}
				],
				"type": "Collection"
			},
			{
				"definition": {
					"collectionConfig": {
						"collectionReference": {
							"className": "com.liferay.asset.list.model.AssetListEntry",
							"classPK": "${CLASS_PK}"
						},
						"collectionType": "Collection"
					},
					"collectionViewports": [
						{
							"collectionViewportDefinition": {
							},
							"id": "landscapeMobile"
						},
						{
							"collectionViewportDefinition": {
							},
							"id": "portraitMobile"
						},
						{
							"collectionViewportDefinition": {
							},
							"id": "tablet"
						}
					],
					"displayAllItems": false,
					"displayAllPages": false,
					"listItemStyle": "",
					"listStyle": "",
					"numberOfColumns": 1,
					"numberOfItems": 200,
					"numberOfItemsPerPage": 5,
					"numberOfPages": 40,
					"paginationType": "None",
					"showAllItems": false,
					"templateKey": ""
				},
				"pageElements": [
					{
						"definition": {
							"collectionItemConfig": {
							}
						},
						"type": "CollectionItem"
					}
				],
				"type": "Collection"
			},
			{
				"definition": {
					"collectionViewports": [
						{
							"collectionViewportDefinition": {
							},
							"id": "landscapeMobile"
						},
						{
							"collectionViewportDefinition": {
							},
							"id": "portraitMobile"
						},
						{
							"collectionViewportDefinition": {
							},
							"id": "tablet"
						}
					],
					"displayAllItems": false,
					"displayAllPages": false,
					"numberOfColumns": 1,
					"numberOfItems": 5,
					"numberOfItemsPerPage": 5,
					"numberOfPages": 1,
					"paginationType": "None",
					"showAllItems": false
				},
				"pageElements": [
					{
						"definition": {
							"collectionItemConfig": {
							}
						},
						"type": "CollectionItem"
					}
				],
				"type": "Collection"
			},
			{
				"definition": {
					"collectionConfig": {
						"collectionReference": {
							"className": "com.liferay.asset.list.model.AssetListEntry",
							"classPK": "${CLASS_PK}"
						},
						"collectionType": "Collection"
					},
					"collectionViewports": [
						{
							"collectionViewportDefinition": {
							},
							"id": "landscapeMobile"
						},
						{
							"collectionViewportDefinition": {
							},
							"id": "portraitMobile"
						},
						{
							"collectionViewportDefinition": {
							},
							"id": "tablet"
						}
					],
					"displayAllItems": false,
					"displayAllPages": false,
					"listItemStyle": "",
					"listStyle": "",
					"numberOfColumns": 1,
					"numberOfItems": 5,
					"numberOfItemsPerPage": 5,
					"numberOfPages": 1,
					"paginationType": "None",
					"showAllItems": false,
					"templateKey": ""
				},
				"pageElements": [
					{
						"definition": {
							"collectionItemConfig": {
							}
						},
						"type": "CollectionItem"
					}
				],
				"type": "Collection"
			}
		],
		"type": "Root"
	},
	"settings": {
		"colorSchemeName": "01",
		"themeName": "Classic"
	},
	"version": 1.1
}